com/book/backend/service/ViolationService.class
com/book/backend/common/CustomException.class
com/book/backend/mapper/NoticeMapper.class
com/book/backend/job/cycle/IncSyncDeleteAIMessage.class
com/book/backend/manager/model/response/SparkResponseFunctionCall$1.class
com/book/backend/service/UsersService.class
com/book/backend/common/BaseContext.class
com/book/backend/service/NoticeService.class
com/book/backend/config/RedissonConfig.class
com/book/backend/manager/model/request/SparkRequestPayload.class
com/book/backend/common/MyMetaObjectHandler.class
com/book/backend/service/CommentService.class
com/book/backend/service/impl/AiIntelligentServiceImpl.class
com/book/backend/job/cycle/ConvertCommentListToRedis.class
com/book/backend/service/impl/ViolationServiceImpl.class
com/book/backend/pojo/dto/chart/ChartUpdateRequest.class
com/book/backend/ws/WebSocket.class
com/book/backend/manager/SparkAIManager$JsonParse.class
com/book/backend/pojo/Violation.class
com/book/backend/utils/ExcelUtils.class
com/book/backend/pojo/Users.class
com/book/backend/service/impl/UsersServiceImpl.class
com/book/backend/mapper/BookRuleMapper.class
com/book/backend/pojo/AiIntelligent.class
com/book/backend/utils/BorrowDateUtil.class
com/book/backend/controller/user/UserFunctionController.class
com/book/backend/manager/SparkClient.class
com/book/backend/service/impl/CommentServiceImpl.class
com/book/backend/utils/Utility.class
com/book/backend/mapper/UserInterfaceInfoMapper.class
com/book/backend/VueBookBackendApplication.class
com/book/backend/manager/constant/SparkMessageRole.class
com/book/backend/manager/model/request/SparkRequest.class
com/book/backend/service/impl/BooksServiceImpl.class
com/book/backend/manager/SparkAIManager$Header.class
com/book/backend/manager/model/SparkSyncChatResponse.class
com/book/backend/manager/model/SparkMessage.class
com/book/backend/service/BookTypeService.class
com/book/backend/pojo/vo/ChatVo.class
com/book/backend/manager/model/request/SparkRequestHeader.class
com/book/backend/manager/exception/SparkException.class
com/book/backend/service/impl/ChatServiceImpl.class
com/book/backend/job/once/FetchInitBookList.class
com/book/backend/pojo/dto/chart/GenChartByAiRequest.class
com/book/backend/manager/constant/SparkErrorCode.class
com/book/backend/pojo/BookType.class
com/book/backend/manager/SparkAIManager$RoleContent.class
com/book/backend/common/exception/BusinessException.class
com/book/backend/controller/admin/AdminFunctionController.class
com/book/backend/utils/JwtKit.class
com/book/backend/utils/NetUtils.class
com/book/backend/controller/bookadmin/BookAdminFunctionController.class
com/book/backend/common/exception/ErrorCode.class
com/book/backend/manager/model/request/function/SparkRequestFunctionMessage.class
com/book/backend/manager/model/request/function/SparkFunctionBuilder.class
com/book/backend/manager/SparkAIManager$Text.class
com/book/backend/pojo/dto/chart/ChartAddRequest.class
com/book/backend/manager/GuavaRateLimiterManager.class
com/book/backend/utils/RedisUtil.class
com/book/backend/manager/listener/SparkSyncChatListener.class
com/book/backend/pojo/dto/BookData.class
com/book/backend/manager/SparkAIManager$MyThread.class
com/book/backend/mapper/AdminsMapper.class
com/book/backend/pojo/dto/chat/ChatRequest.class
com/book/backend/pojo/BookRule.class
com/book/backend/mapper/BookTypeMapper.class
com/book/backend/service/BooksService.class
com/book/backend/manager/AlibabaAIModel.class
com/book/backend/service/impl/AdminsServiceImpl$1.class
com/book/backend/mapper/AiIntelligentMapper.class
com/book/backend/pojo/Notice.class
com/book/backend/service/UserInterfaceInfoService.class
com/book/backend/manager/AiManager.class
com/book/backend/manager/model/request/function/SparkRequestFunctions.class
com/book/backend/utils/RandomNameUtils.class
com/book/backend/manager/SparkAIManager.class
com/book/backend/config/JsonConfig.class
com/book/backend/common/exception/GlobalExceptionHandler.class
com/book/backend/config/WebMvcConfig.class
com/book/backend/mapper/ChartMapper.class
com/book/backend/service/impl/UserInterfaceInfoServiceImpl.class
com/book/backend/service/impl/BookAdminsServiceImpl.class
com/book/backend/pojo/Chat.class
com/book/backend/manager/model/response/SparkResponsePayload.class
com/book/backend/service/ChartService.class
com/book/backend/pojo/dto/UsersDTO.class
com/book/backend/manager/model/response/SparkResponseFunctionCall.class
com/book/backend/common/exception/ThrowUtils.class
com/book/backend/constant/ChatConstant.class
com/book/backend/pojo/dto/BorrowTypeDTO.class
com/book/backend/manager/constant/SparkApiVersion.class
com/book/backend/common/exception/VueBookException.class
com/book/backend/manager/SparkAIManager$Choices.class
com/book/backend/service/BookAdminsService.class
com/book/backend/utils/SqlUtils.class
com/book/backend/pojo/dto/CommentDTO.class
com/book/backend/manager/model/response/SparkResponseUsage.class
com/book/backend/config/WebSocketConfig.class
com/book/backend/pojo/Comment.class
com/book/backend/pojo/Books.class
com/book/backend/mapper/UsersMapper.class
com/book/backend/service/AiIntelligentService.class
com/book/backend/pojo/dto/BookDTO.class
com/book/backend/service/AdminsService.class
com/book/backend/pojo/dto/BookRuleDTO.class
com/book/backend/pojo/dto/chart/ChartEditRequest.class
com/book/backend/pojo/Admins.class
com/book/backend/pojo/Chart.class
com/book/backend/config/ThreadPoolExecutorConfig.class
com/book/backend/service/BookRuleService.class
com/book/backend/manager/model/SparkRequestBuilder.class
com/book/backend/interceptor/AuthInterceptorHandler.class
com/book/backend/manager/listener/SparkBaseListener.class
com/book/backend/manager/model/request/SparkRequestParameter.class
com/book/backend/common/BasePage.class
com/book/backend/service/impl/BooksBorrowServiceImpl.class
com/book/backend/service/BooksBorrowService.class
com/book/backend/manager/model/request/SparkRequestMessage.class
com/book/backend/controller/bookadmin/BookAdminLoginController.class
com/book/backend/mapper/CommentMapper.class
com/book/backend/pojo/UserInterfaceInfo.class
com/book/backend/config/HttpSessionConfigurator.class
com/book/backend/service/ChatService.class
com/book/backend/pojo/dto/BooksBorrowDTO.class
com/book/backend/pojo/BooksBorrow.class
com/book/backend/mapper/ViolationMapper.class
com/book/backend/manager/model/response/SparkTextUsage.class
com/book/backend/service/impl/ChartServiceImpl.class
com/book/backend/pojo/vo/BiResponse.class
com/book/backend/pojo/dto/ViolationDTO.class
com/book/backend/common/JwtProperties.class
com/book/backend/service/impl/BookRuleServiceImpl.class
com/book/backend/controller/user/UserLoginController.class
com/book/backend/pojo/BookAdmins.class
com/book/backend/utils/NumberUtil.class
com/book/backend/job/once/EasyExcelBatchImportBookList$1.class
com/book/backend/common/exception/CommonError.class
com/book/backend/manager/listener/SparkConsoleListener.class
com/book/backend/mapper/ChatMapper.class
com/book/backend/controller/admin/AdminLoginController.class
com/book/backend/mapper/BookAdminsMapper.class
com/book/backend/constant/Constant.class
com/book/backend/service/impl/NoticeServiceImpl.class
com/book/backend/job/once/EasyExcelBatchImportBookList.class
com/book/backend/manager/model/response/SparkResponseChoices.class
com/book/backend/manager/model/request/function/SparkRequestFunctionProperty.class
com/book/backend/manager/SparkAIManager$Payload.class
com/book/backend/service/impl/BookTypeServiceImpl.class
com/book/backend/utils/SpringBootUtil.class
com/book/backend/manager/model/response/SparkResponseHeader.class
com/book/backend/manager/model/request/function/SparkRequestFunctionParameters.class
com/book/backend/manager/model/SparkChatParameter.class
com/book/backend/config/MyBatisConfig.class
com/book/backend/service/impl/AdminsServiceImpl.class
com/book/backend/mapper/BooksMapper.class
com/book/backend/pojo/dto/chat/MessageRequest.class
com/book/backend/mapper/BooksBorrowMapper.class
com/book/backend/config/RedisConfig.class
com/book/backend/pojo/dto/BorrowData.class
com/book/backend/manager/model/response/SparkResponse.class
com/book/backend/config/ThreadPoolExecutorConfig$1.class
com/book/backend/common/R.class
