/Users/sanctuary/IdeaProjects/vue_-book-manage-system_backend/src/main/java/com/book/backend/pojo/BookAdmins.java
/Users/sanctuary/IdeaProjects/vue_-book-manage-system_backend/src/main/java/com/book/backend/service/impl/BookTypeServiceImpl.java
/Users/sanctuary/IdeaProjects/vue_-book-manage-system_backend/src/main/java/com/book/backend/config/RedisConfig.java
/Users/sanctuary/IdeaProjects/vue_-book-manage-system_backend/src/main/java/com/book/backend/pojo/Users.java
/Users/sanctuary/IdeaProjects/vue_-book-manage-system_backend/src/main/java/com/book/backend/pojo/BooksBorrow.java
/Users/sanctuary/IdeaProjects/vue_-book-manage-system_backend/src/main/java/com/book/backend/manager/listener/SparkSyncChatListener.java
/Users/sanctuary/IdeaProjects/vue_-book-manage-system_backend/src/main/java/com/book/backend/manager/model/SparkRequestBuilder.java
/Users/sanctuary/IdeaProjects/vue_-book-manage-system_backend/src/main/java/com/book/backend/service/impl/CommentServiceImpl.java
/Users/sanctuary/IdeaProjects/vue_-book-manage-system_backend/src/main/java/com/book/backend/common/exception/ErrorCode.java
/Users/sanctuary/IdeaProjects/vue_-book-manage-system_backend/src/main/java/com/book/backend/manager/model/response/SparkResponseFunctionCall.java
/Users/sanctuary/IdeaProjects/vue_-book-manage-system_backend/src/main/java/com/book/backend/mapper/AdminsMapper.java
/Users/sanctuary/IdeaProjects/vue_-book-manage-system_backend/src/main/java/com/book/backend/VueBookBackendApplication.java
/Users/sanctuary/IdeaProjects/vue_-book-manage-system_backend/src/main/java/com/book/backend/manager/model/response/SparkResponseHeader.java
/Users/sanctuary/IdeaProjects/vue_-book-manage-system_backend/src/main/java/com/book/backend/pojo/Comment.java
/Users/sanctuary/IdeaProjects/vue_-book-manage-system_backend/src/main/java/com/book/backend/mapper/ViolationMapper.java
/Users/sanctuary/IdeaProjects/vue_-book-manage-system_backend/src/main/java/com/book/backend/manager/AlibabaAIModel.java
/Users/sanctuary/IdeaProjects/vue_-book-manage-system_backend/src/main/java/com/book/backend/manager/model/request/function/SparkRequestFunctionParameters.java
/Users/sanctuary/IdeaProjects/vue_-book-manage-system_backend/src/main/java/com/book/backend/pojo/dto/chat/ChatRequest.java
/Users/sanctuary/IdeaProjects/vue_-book-manage-system_backend/src/main/java/com/book/backend/mapper/ChartMapper.java
/Users/sanctuary/IdeaProjects/vue_-book-manage-system_backend/src/main/java/com/book/backend/manager/model/request/SparkRequestMessage.java
/Users/sanctuary/IdeaProjects/vue_-book-manage-system_backend/src/main/java/com/book/backend/pojo/dto/BookRuleDTO.java
/Users/sanctuary/IdeaProjects/vue_-book-manage-system_backend/src/main/java/com/book/backend/utils/RedisUtil.java
/Users/sanctuary/IdeaProjects/vue_-book-manage-system_backend/src/main/java/com/book/backend/service/impl/BookAdminsServiceImpl.java
/Users/sanctuary/IdeaProjects/vue_-book-manage-system_backend/src/main/java/com/book/backend/pojo/dto/CommentDTO.java
/Users/sanctuary/IdeaProjects/vue_-book-manage-system_backend/src/main/java/com/book/backend/service/impl/BookRuleServiceImpl.java
/Users/sanctuary/IdeaProjects/vue_-book-manage-system_backend/src/main/java/com/book/backend/common/JwtProperties.java
/Users/sanctuary/IdeaProjects/vue_-book-manage-system_backend/src/main/java/com/book/backend/mapper/UserInterfaceInfoMapper.java
/Users/sanctuary/IdeaProjects/vue_-book-manage-system_backend/src/main/java/com/book/backend/pojo/Violation.java
/Users/sanctuary/IdeaProjects/vue_-book-manage-system_backend/src/main/java/com/book/backend/pojo/BookRule.java
/Users/sanctuary/IdeaProjects/vue_-book-manage-system_backend/src/main/java/com/book/backend/service/impl/ChatServiceImpl.java
/Users/sanctuary/IdeaProjects/vue_-book-manage-system_backend/src/main/java/com/book/backend/config/WebSocketConfig.java
/Users/sanctuary/IdeaProjects/vue_-book-manage-system_backend/src/main/java/com/book/backend/manager/constant/SparkApiVersion.java
/Users/sanctuary/IdeaProjects/vue_-book-manage-system_backend/src/main/java/com/book/backend/manager/model/response/SparkResponse.java
/Users/sanctuary/IdeaProjects/vue_-book-manage-system_backend/src/main/java/com/book/backend/manager/model/SparkSyncChatResponse.java
/Users/sanctuary/IdeaProjects/vue_-book-manage-system_backend/src/main/java/com/book/backend/service/CommentService.java
/Users/sanctuary/IdeaProjects/vue_-book-manage-system_backend/src/main/java/com/book/backend/pojo/dto/chart/ChartAddRequest.java
/Users/sanctuary/IdeaProjects/vue_-book-manage-system_backend/src/main/java/com/book/backend/pojo/dto/chat/MessageRequest.java
/Users/sanctuary/IdeaProjects/vue_-book-manage-system_backend/src/main/java/com/book/backend/common/exception/ThrowUtils.java
/Users/sanctuary/IdeaProjects/vue_-book-manage-system_backend/src/main/java/com/book/backend/mapper/CommentMapper.java
/Users/sanctuary/IdeaProjects/vue_-book-manage-system_backend/src/main/java/com/book/backend/mapper/BooksBorrowMapper.java
/Users/sanctuary/IdeaProjects/vue_-book-manage-system_backend/src/main/java/com/book/backend/utils/JwtKit.java
/Users/sanctuary/IdeaProjects/vue_-book-manage-system_backend/src/main/java/com/book/backend/service/impl/UsersServiceImpl.java
/Users/sanctuary/IdeaProjects/vue_-book-manage-system_backend/src/main/java/com/book/backend/mapper/AiIntelligentMapper.java
/Users/sanctuary/IdeaProjects/vue_-book-manage-system_backend/src/main/java/com/book/backend/mapper/UsersMapper.java
/Users/sanctuary/IdeaProjects/vue_-book-manage-system_backend/src/main/java/com/book/backend/manager/constant/SparkMessageRole.java
/Users/sanctuary/IdeaProjects/vue_-book-manage-system_backend/src/main/java/com/book/backend/manager/model/request/SparkRequestPayload.java
/Users/sanctuary/IdeaProjects/vue_-book-manage-system_backend/src/main/java/com/book/backend/pojo/BookType.java
/Users/sanctuary/IdeaProjects/vue_-book-manage-system_backend/src/main/java/com/book/backend/controller/admin/AdminLoginController.java
/Users/sanctuary/IdeaProjects/vue_-book-manage-system_backend/src/main/java/com/book/backend/utils/NumberUtil.java
/Users/sanctuary/IdeaProjects/vue_-book-manage-system_backend/src/main/java/com/book/backend/service/impl/UserInterfaceInfoServiceImpl.java
/Users/sanctuary/IdeaProjects/vue_-book-manage-system_backend/src/main/java/com/book/backend/manager/model/response/SparkResponseUsage.java
/Users/sanctuary/IdeaProjects/vue_-book-manage-system_backend/src/main/java/com/book/backend/service/BookTypeService.java
/Users/sanctuary/IdeaProjects/vue_-book-manage-system_backend/src/main/java/com/book/backend/pojo/Books.java
/Users/sanctuary/IdeaProjects/vue_-book-manage-system_backend/src/main/java/com/book/backend/service/NoticeService.java
/Users/sanctuary/IdeaProjects/vue_-book-manage-system_backend/src/main/java/com/book/backend/pojo/Chat.java
/Users/sanctuary/IdeaProjects/vue_-book-manage-system_backend/src/main/java/com/book/backend/config/MyBatisConfig.java
/Users/sanctuary/IdeaProjects/vue_-book-manage-system_backend/src/main/java/com/book/backend/pojo/dto/BorrowTypeDTO.java
/Users/sanctuary/IdeaProjects/vue_-book-manage-system_backend/src/main/java/com/book/backend/config/RedissonConfig.java
/Users/sanctuary/IdeaProjects/vue_-book-manage-system_backend/src/main/java/com/book/backend/manager/AiManager.java
/Users/sanctuary/IdeaProjects/vue_-book-manage-system_backend/src/main/java/com/book/backend/manager/model/request/function/SparkFunctionBuilder.java
/Users/sanctuary/IdeaProjects/vue_-book-manage-system_backend/src/main/java/com/book/backend/manager/model/SparkMessage.java
/Users/sanctuary/IdeaProjects/vue_-book-manage-system_backend/src/main/java/com/book/backend/utils/ExcelUtils.java
/Users/sanctuary/IdeaProjects/vue_-book-manage-system_backend/src/main/java/com/book/backend/job/cycle/IncSyncDeleteAIMessage.java
/Users/sanctuary/IdeaProjects/vue_-book-manage-system_backend/src/main/java/com/book/backend/utils/NetUtils.java
/Users/sanctuary/IdeaProjects/vue_-book-manage-system_backend/src/main/java/com/book/backend/constant/Constant.java
/Users/sanctuary/IdeaProjects/vue_-book-manage-system_backend/src/main/java/com/book/backend/controller/admin/AdminFunctionController.java
/Users/sanctuary/IdeaProjects/vue_-book-manage-system_backend/src/main/java/com/book/backend/common/exception/GlobalExceptionHandler.java
/Users/sanctuary/IdeaProjects/vue_-book-manage-system_backend/src/main/java/com/book/backend/manager/SparkAIManager.java
/Users/sanctuary/IdeaProjects/vue_-book-manage-system_backend/src/main/java/com/book/backend/manager/constant/SparkErrorCode.java
/Users/sanctuary/IdeaProjects/vue_-book-manage-system_backend/src/main/java/com/book/backend/pojo/dto/BorrowData.java
/Users/sanctuary/IdeaProjects/vue_-book-manage-system_backend/src/main/java/com/book/backend/service/impl/BooksBorrowServiceImpl.java
/Users/sanctuary/IdeaProjects/vue_-book-manage-system_backend/src/main/java/com/book/backend/mapper/BookTypeMapper.java
/Users/sanctuary/IdeaProjects/vue_-book-manage-system_backend/src/main/java/com/book/backend/pojo/vo/ChatVo.java
/Users/sanctuary/IdeaProjects/vue_-book-manage-system_backend/src/main/java/com/book/backend/config/JsonConfig.java
/Users/sanctuary/IdeaProjects/vue_-book-manage-system_backend/src/main/java/com/book/backend/pojo/Notice.java
/Users/sanctuary/IdeaProjects/vue_-book-manage-system_backend/src/main/java/com/book/backend/utils/SpringBootUtil.java
/Users/sanctuary/IdeaProjects/vue_-book-manage-system_backend/src/main/java/com/book/backend/manager/model/request/function/SparkRequestFunctionMessage.java
/Users/sanctuary/IdeaProjects/vue_-book-manage-system_backend/src/main/java/com/book/backend/manager/model/request/function/SparkRequestFunctionProperty.java
/Users/sanctuary/IdeaProjects/vue_-book-manage-system_backend/src/main/java/com/book/backend/pojo/UserInterfaceInfo.java
/Users/sanctuary/IdeaProjects/vue_-book-manage-system_backend/src/main/java/com/book/backend/controller/user/UserFunctionController.java
/Users/sanctuary/IdeaProjects/vue_-book-manage-system_backend/src/main/java/com/book/backend/service/ChartService.java
/Users/sanctuary/IdeaProjects/vue_-book-manage-system_backend/src/main/java/com/book/backend/service/AdminsService.java
/Users/sanctuary/IdeaProjects/vue_-book-manage-system_backend/src/main/java/com/book/backend/service/BooksBorrowService.java
/Users/sanctuary/IdeaProjects/vue_-book-manage-system_backend/src/main/java/com/book/backend/interceptor/AuthInterceptorHandler.java
/Users/sanctuary/IdeaProjects/vue_-book-manage-system_backend/src/main/java/com/book/backend/service/ChatService.java
/Users/sanctuary/IdeaProjects/vue_-book-manage-system_backend/src/main/java/com/book/backend/manager/model/response/SparkResponseChoices.java
/Users/sanctuary/IdeaProjects/vue_-book-manage-system_backend/src/main/java/com/book/backend/manager/model/response/SparkResponsePayload.java
/Users/sanctuary/IdeaProjects/vue_-book-manage-system_backend/src/main/java/com/book/backend/service/BooksService.java
/Users/sanctuary/IdeaProjects/vue_-book-manage-system_backend/src/main/java/com/book/backend/utils/Utility.java
/Users/sanctuary/IdeaProjects/vue_-book-manage-system_backend/src/main/java/com/book/backend/manager/model/response/SparkTextUsage.java
/Users/sanctuary/IdeaProjects/vue_-book-manage-system_backend/src/main/java/com/book/backend/service/UserInterfaceInfoService.java
/Users/sanctuary/IdeaProjects/vue_-book-manage-system_backend/src/main/java/com/book/backend/common/R.java
/Users/sanctuary/IdeaProjects/vue_-book-manage-system_backend/src/main/java/com/book/backend/constant/ChatConstant.java
/Users/sanctuary/IdeaProjects/vue_-book-manage-system_backend/src/main/java/com/book/backend/manager/GuavaRateLimiterManager.java
/Users/sanctuary/IdeaProjects/vue_-book-manage-system_backend/src/main/java/com/book/backend/manager/model/request/SparkRequest.java
/Users/sanctuary/IdeaProjects/vue_-book-manage-system_backend/src/main/java/com/book/backend/config/ThreadPoolExecutorConfig.java
/Users/sanctuary/IdeaProjects/vue_-book-manage-system_backend/src/main/java/com/book/backend/mapper/BooksMapper.java
/Users/sanctuary/IdeaProjects/vue_-book-manage-system_backend/src/main/java/com/book/backend/service/BookRuleService.java
/Users/sanctuary/IdeaProjects/vue_-book-manage-system_backend/src/main/java/com/book/backend/pojo/AiIntelligent.java
/Users/sanctuary/IdeaProjects/vue_-book-manage-system_backend/src/main/java/com/book/backend/config/WebMvcConfig.java
/Users/sanctuary/IdeaProjects/vue_-book-manage-system_backend/src/main/java/com/book/backend/manager/model/request/SparkRequestParameter.java
/Users/sanctuary/IdeaProjects/vue_-book-manage-system_backend/src/main/java/com/book/backend/common/CustomException.java
/Users/sanctuary/IdeaProjects/vue_-book-manage-system_backend/src/main/java/com/book/backend/mapper/ChatMapper.java
/Users/sanctuary/IdeaProjects/vue_-book-manage-system_backend/src/main/java/com/book/backend/job/cycle/ConvertCommentListToRedis.java
/Users/sanctuary/IdeaProjects/vue_-book-manage-system_backend/src/main/java/com/book/backend/pojo/dto/BooksBorrowDTO.java
/Users/sanctuary/IdeaProjects/vue_-book-manage-system_backend/src/main/java/com/book/backend/manager/model/SparkChatParameter.java
/Users/sanctuary/IdeaProjects/vue_-book-manage-system_backend/src/main/java/com/book/backend/manager/model/request/SparkRequestHeader.java
/Users/sanctuary/IdeaProjects/vue_-book-manage-system_backend/src/main/java/com/book/backend/service/impl/AdminsServiceImpl.java
/Users/sanctuary/IdeaProjects/vue_-book-manage-system_backend/src/main/java/com/book/backend/service/impl/ChartServiceImpl.java
/Users/sanctuary/IdeaProjects/vue_-book-manage-system_backend/src/main/java/com/book/backend/mapper/BookRuleMapper.java
/Users/sanctuary/IdeaProjects/vue_-book-manage-system_backend/src/main/java/com/book/backend/manager/listener/SparkBaseListener.java
/Users/sanctuary/IdeaProjects/vue_-book-manage-system_backend/src/main/java/com/book/backend/pojo/Admins.java
/Users/sanctuary/IdeaProjects/vue_-book-manage-system_backend/src/main/java/com/book/backend/pojo/Chart.java
/Users/sanctuary/IdeaProjects/vue_-book-manage-system_backend/src/main/java/com/book/backend/controller/bookadmin/BookAdminLoginController.java
/Users/sanctuary/IdeaProjects/vue_-book-manage-system_backend/src/main/java/com/book/backend/config/HttpSessionConfigurator.java
/Users/sanctuary/IdeaProjects/vue_-book-manage-system_backend/src/main/java/com/book/backend/common/exception/VueBookException.java
/Users/sanctuary/IdeaProjects/vue_-book-manage-system_backend/src/main/java/com/book/backend/job/once/FetchInitBookList.java
/Users/sanctuary/IdeaProjects/vue_-book-manage-system_backend/src/main/java/com/book/backend/common/BaseContext.java
/Users/sanctuary/IdeaProjects/vue_-book-manage-system_backend/src/main/java/com/book/backend/manager/listener/SparkConsoleListener.java
/Users/sanctuary/IdeaProjects/vue_-book-manage-system_backend/src/main/java/com/book/backend/utils/SqlUtils.java
/Users/sanctuary/IdeaProjects/vue_-book-manage-system_backend/src/main/java/com/book/backend/pojo/dto/chart/GenChartByAiRequest.java
/Users/sanctuary/IdeaProjects/vue_-book-manage-system_backend/src/main/java/com/book/backend/mapper/NoticeMapper.java
/Users/sanctuary/IdeaProjects/vue_-book-manage-system_backend/src/main/java/com/book/backend/job/once/EasyExcelBatchImportBookList.java
/Users/sanctuary/IdeaProjects/vue_-book-manage-system_backend/src/main/java/com/book/backend/common/exception/BusinessException.java
/Users/sanctuary/IdeaProjects/vue_-book-manage-system_backend/src/main/java/com/book/backend/common/MyMetaObjectHandler.java
/Users/sanctuary/IdeaProjects/vue_-book-manage-system_backend/src/main/java/com/book/backend/manager/model/request/function/SparkRequestFunctions.java
/Users/sanctuary/IdeaProjects/vue_-book-manage-system_backend/src/main/java/com/book/backend/service/AiIntelligentService.java
/Users/sanctuary/IdeaProjects/vue_-book-manage-system_backend/src/main/java/com/book/backend/pojo/vo/BiResponse.java
/Users/sanctuary/IdeaProjects/vue_-book-manage-system_backend/src/main/java/com/book/backend/service/UsersService.java
/Users/sanctuary/IdeaProjects/vue_-book-manage-system_backend/src/main/java/com/book/backend/service/BookAdminsService.java
/Users/sanctuary/IdeaProjects/vue_-book-manage-system_backend/src/main/java/com/book/backend/service/impl/AiIntelligentServiceImpl.java
/Users/sanctuary/IdeaProjects/vue_-book-manage-system_backend/src/main/java/com/book/backend/utils/BorrowDateUtil.java
/Users/sanctuary/IdeaProjects/vue_-book-manage-system_backend/src/main/java/com/book/backend/pojo/dto/chart/ChartEditRequest.java
/Users/sanctuary/IdeaProjects/vue_-book-manage-system_backend/src/main/java/com/book/backend/mapper/BookAdminsMapper.java
/Users/sanctuary/IdeaProjects/vue_-book-manage-system_backend/src/main/java/com/book/backend/pojo/dto/BookData.java
/Users/sanctuary/IdeaProjects/vue_-book-manage-system_backend/src/main/java/com/book/backend/utils/RandomNameUtils.java
/Users/sanctuary/IdeaProjects/vue_-book-manage-system_backend/src/main/java/com/book/backend/common/BasePage.java
/Users/sanctuary/IdeaProjects/vue_-book-manage-system_backend/src/main/java/com/book/backend/pojo/dto/ViolationDTO.java
/Users/sanctuary/IdeaProjects/vue_-book-manage-system_backend/src/main/java/com/book/backend/service/impl/ViolationServiceImpl.java
/Users/sanctuary/IdeaProjects/vue_-book-manage-system_backend/src/main/java/com/book/backend/service/ViolationService.java
/Users/sanctuary/IdeaProjects/vue_-book-manage-system_backend/src/main/java/com/book/backend/manager/exception/SparkException.java
/Users/sanctuary/IdeaProjects/vue_-book-manage-system_backend/src/main/java/com/book/backend/service/impl/BooksServiceImpl.java
/Users/sanctuary/IdeaProjects/vue_-book-manage-system_backend/src/main/java/com/book/backend/pojo/dto/BookDTO.java
/Users/sanctuary/IdeaProjects/vue_-book-manage-system_backend/src/main/java/com/book/backend/controller/bookadmin/BookAdminFunctionController.java
/Users/sanctuary/IdeaProjects/vue_-book-manage-system_backend/src/main/java/com/book/backend/service/impl/NoticeServiceImpl.java
/Users/sanctuary/IdeaProjects/vue_-book-manage-system_backend/src/main/java/com/book/backend/ws/WebSocket.java
/Users/sanctuary/IdeaProjects/vue_-book-manage-system_backend/src/main/java/com/book/backend/manager/SparkClient.java
/Users/sanctuary/IdeaProjects/vue_-book-manage-system_backend/src/main/java/com/book/backend/common/exception/CommonError.java
/Users/sanctuary/IdeaProjects/vue_-book-manage-system_backend/src/main/java/com/book/backend/pojo/dto/UsersDTO.java
/Users/sanctuary/IdeaProjects/vue_-book-manage-system_backend/src/main/java/com/book/backend/controller/user/UserLoginController.java
/Users/sanctuary/IdeaProjects/vue_-book-manage-system_backend/src/main/java/com/book/backend/pojo/dto/chart/ChartUpdateRequest.java
