META-INF/CompilerHints
com/book/backend/BigModelNew$Header.class
com/book/backend/generated/BenchmarkTest_shift_jmhTest.class
com/book/backend/AITest.class
com/book/backend/BigModelNew$JsonParse.class
com/book/backend/testutils/EasyExcelTest.class
com/book/backend/testutils/EasyExcelTest$1.class
com/book/backend/generated/BenchmarkTest_jmhType_B3.class
com/book/backend/VueBookBackendApplicationTests.class
com/book/backend/tttt.class
com/book/backend/OpenAPITest.class
com/book/backend/BigModelNew$MyThread.class
META-INF/BenchmarkList
com/book/backend/BigModelNew$Payload.class
com/book/backend/BenchmarkTest.class
com/book/backend/generated/BenchmarkTest_jmhType_B1.class
com/book/backend/domain/DemoData.class
com/book/backend/generated/BenchmarkTest_jmhType.class
com/book/backend/generated/BenchmarkTest_div_jmhTest.class
com/book/backend/RedisTest.class
com/book/backend/VueBookBackendUserTest.class
com/book/backend/BigModelNew.class
com/book/backend/CrawlerTest$Video.class
com/book/backend/CrawlerTest.class
com/book/backend/OpenAPITest$1.class
com/book/backend/generated/BenchmarkTest_jmhType_B2.class
com/book/backend/SparkAITest.class
com/book/backend/domain/BookData.class
com/book/backend/BigModelNew$RoleContent.class
com/book/backend/SparkClientTest.class
com/book/backend/BigModelNew$Text.class
com/book/backend/AliAITest.class
com/book/backend/BigModelNew$Choices.class
