/Users/sanctuary/IdeaProjects/vue_-book-manage-system_backend/src/test/java/com/book/backend/OpenAPITest.java
/Users/sanctuary/IdeaProjects/vue_-book-manage-system_backend/src/test/java/com/book/backend/RedisTest.java
/Users/sanctuary/IdeaProjects/vue_-book-manage-system_backend/src/test/java/com/book/backend/tttt.java
/Users/sanctuary/IdeaProjects/vue_-book-manage-system_backend/src/test/java/com/book/backend/SparkClientTest.java
/Users/sanctuary/IdeaProjects/vue_-book-manage-system_backend/src/test/java/com/book/backend/VueBookBackendUserTest.java
/Users/sanctuary/IdeaProjects/vue_-book-manage-system_backend/src/test/java/com/book/backend/domain/DemoData.java
/Users/sanctuary/IdeaProjects/vue_-book-manage-system_backend/src/test/java/com/book/backend/CrawlerTest.java
/Users/sanctuary/IdeaProjects/vue_-book-manage-system_backend/src/test/java/com/book/backend/domain/BookData.java
/Users/sanctuary/IdeaProjects/vue_-book-manage-system_backend/src/test/java/com/book/backend/AITest.java
/Users/sanctuary/IdeaProjects/vue_-book-manage-system_backend/src/test/java/com/book/backend/SparkAITest.java
/Users/sanctuary/IdeaProjects/vue_-book-manage-system_backend/src/test/java/com/book/backend/testutils/EasyExcelTest.java
/Users/sanctuary/IdeaProjects/vue_-book-manage-system_backend/src/test/java/com/book/backend/BenchmarkTest.java
/Users/sanctuary/IdeaProjects/vue_-book-manage-system_backend/src/test/java/com/book/backend/BigModelNew.java
/Users/sanctuary/IdeaProjects/vue_-book-manage-system_backend/src/test/java/com/book/backend/AliAITest.java
/Users/sanctuary/IdeaProjects/vue_-book-manage-system_backend/src/test/java/com/book/backend/VueBookBackendApplicationTests.java
